// Jest Snapshot v1, https://goo.gl/fbAQLP

exports[`index doesnt inline file when the lenght equals the limit 1`] = `"const test = \\"/public/test/assets/file.txt\\";"`;

exports[`index handles custom context 1`] = `"const test = \\"/public/assets/file.png\\";"`;

exports[`index handles custom context v2 1`] = `"const test = \\"/public/file.png\\";"`;

exports[`index handles custom import path 1`] = `"const test = \\"/static/9c87cbf3ba33126ffd25ae7f2f6bbafb.png\\";"`;

exports[`index handles custom import path with trailing slash 1`] = `"const test = \\"/static/9c87cbf3ba33126ffd25ae7f2f6bbafb.png\\";"`;

exports[`index handles custom name 1`] = `"const test = \\"/public/test/assets/file.png\\";"`;

exports[`index handles full url as publicPath as query param 1`] = `"const test = \\"https://cdn.example.com/project/9c87cbf3ba33126ffd25ae7f2f6bbafb.png\\";"`;

exports[`index handles hash as query param 1`] = `"const test = \\"/public/test/assets/file.png?9c87cbf3\\";"`;

exports[`index handles name with custom hash length 1`] = `"const test = \\"/public/9c87cbf3.png\\";"`;

exports[`index handles sha1 hash 1`] = `"const test = \\"/public/9c87cbf3ba33126ffd25ae7f2f6bbafb.png\\";"`;

exports[`index inline file with an unknown type by not specifying mime type 1`] = `"const test = \\"data:;base64,MDAwMAo=\\";"`;

exports[`index inlines file when the length in lower then the limit 1`] = `"const test = \\"data:text/plain;base64,MDAwMAo=\\";"`;

exports[`index replaces import statements with uri 1`] = `"const test = \\"/public/9c87cbf3ba33126ffd25ae7f2f6bbafb.png\\";"`;

exports[`index should do nothing when imports have no extensions 1`] = `"import test from 'something';"`;

exports[`index should replace require statements even without assignment 1`] = `"\\"/public/64eababb117f90535085779cc0325003.svg\\";"`;

exports[`index should replace require statements in react components 1`] = `
"const React = require('react');

export default class extends React.Component {
  render() {
    return React.createElement(\\"img\\", {
      src: \\"/public/64eababb117f90535085779cc0325003.svg\\"
    });
  }

}"
`;

exports[`index should replace require statements with uri 1`] = `"const test = \\"/public/64eababb117f90535085779cc0325003.svg\\";"`;
